## 8.0.0 - 2022-03-25

### Changed

- Breaking: switch to classic-level and browser-level (#215) (ad22b21) (Vincent Weevers).
