# Changelog

All notable changes to this project will be documented in this file.

The format is based on [Keep a Changelog](https://keepachangelog.com/en/1.0.0/),
and this project adheres to [Semantic Versioning](https://semver.org/spec/v2.0.0.html).

## [Unreleased]

## [1.1.1] - 2023-03-05

### Added

- Arabic translation (#444).
- v1.1 French translation.
- v1.1 Dutch translation (#371).
- v1.1 Russian translation (#410).
- v1.1 Japanese translation (#363).
- v1.1 Norwegian Bokmål translation (#383).
- v1.1 &quot;Inconsistent Changes&quot; Turkish translation (#347).
- Default to most recent versions available for each languages
- Display count of available translations (26 to date!)
- Centralize all links into /data/links.json so they can be updated easily

### Fixed

- Improve French translation (#377).
- Improve id-ID translation (#416).
- Improve Persian translation (#457).
- Improve Russian translation (#408).
- Improve Swedish title (#419).
- Improve zh-CN translation (#359).
- Improve French translation (#357).
- Improve zh-TW translation (#360, #355).
- Improve Spanish (es-ES) transltion (#362).
- Foldout menu in Dutch translation (#371).
- Missing periods at the end of each change (#451).
- Fix missing logo in 1.1 pages
- Display notice when translation isn&#039;t for most recent version
- Various broken links, page versions, and indentations.

### Changed

- Upgrade dependencies: Ruby 3.2.1, Middleman, etc.

### Removed

- Unused normalize.css file
- Identical links assigned in each translation file
- Duplicate index file for the english version

## [1.1.0] - 2019-02-15

### Added

- Danish translation (#297).
- Georgian translation from (#337).
- Changelog inconsistency section in Bad Practices.

### Fixed

- Italian translation (#332).
- Indonesian translation (#336).

## [1.0.0] - 2017-06-20

### Added

- New visual identity by @tylerfortune8.
- Version navigation.
- Links to latest released version in previous versions.
- &quot;Why keep a changelog?&quot; section.
- &quot;Who needs a changelog?&quot; section.
- &quot;How do I make a changelog?&quot; section.
- &quot;Frequently Asked Questions&quot; section.
- New &quot;Guiding Principles&quot; sub-section to &quot;How do I make a changelog?&quot;.
- Simplified and Traditional Chinese translations from @tianshuo.
- German translation from @mpbzh &amp; @Art4.
- Italian translation from @azkidenz.
- Swedish translation from @magol.
- Turkish translation from @emreerkan.
- French translation from @zapashcanon.
- Brazilian Portuguese translation from @Webysther.
- Polish translation from @amielucha &amp; @m-aciek.
- Russian translation from @aishek.
- Czech translation from @h4vry.
- Slovak translation from @jkostolansky.
- Korean translation from @pierceh89.
- Croatian translation from @porx.
- Persian translation from @Hameds.
- Ukrainian translation from @osadchyi-s.

### Changed

- Start using &quot;changelog&quot; over &quot;change log&quot; since it&#039;s the common usage.
- Start versioning based on the current English version at 0.3.0 to help translation authors keep things up-to-date.
- Rewrite &quot;What makes unicorns cry?&quot; section.
- Rewrite &quot;Ignoring Deprecations&quot; sub-section to clarify the ideal scenario.
- Improve &quot;Commit log diffs&quot; sub-section to further argument against them.
- Merge &quot;Why can’t people just use a git log diff?&quot; with &quot;Commit log diffs&quot;.
- Fix typos in Simplified Chinese and Traditional Chinese translations.
- Fix typos in Brazilian Portuguese translation.
- Fix typos in Turkish translation.
- Fix typos in Czech translation.
- Fix typos in Swedish translation.
- Improve phrasing in French translation.
- Fix phrasing and spelling in German translation.

### Removed

- Section about &quot;changelog&quot; vs &quot;CHANGELOG&quot;.

## [0.3.0] - 2015-12-03

### Added

- RU translation from @aishek.
- pt-BR translation from @tallesl.
- es-ES translation from @ZeliosAriex.

## [0.2.0] - 2015-10-06

### Changed

- Remove exclusionary mentions of &quot;open source&quot; since this project can benefit both &quot;open&quot; and &quot;closed&quot; source projects equally.

## [0.1.0] - 2015-10-06

### Added

- Answer &quot;Should you ever rewrite a change log?&quot;.

### Changed

- Improve argument against commit logs.
- Start following SemVer properly.

## [0.0.8] - 2015-02-17

### Changed

- Update year to match in every README example.
- Reluctantly stop making fun of Brits only, since most of the world writes dates in a strange way.

### Fixed

- Fix typos in recent README changes.
- Update outdated unreleased diff link.

## [0.0.7] - 2015-02-16

### Added

- Link, and make it obvious that date format is ISO 8601.

### Changed

- Clarified the section on &quot;Is there a standard change log format?&quot;.

### Fixed

- Fix Markdown links to tag comparison URL with footnote-style links.

## [0.0.6] - 2014-12-12

### Added

- README section on &quot;yanked&quot; releases.

## [0.0.5] - 2014-08-09

### Added

- Markdown links to version tags on release headings.
- Unreleased section to gather unreleased changes and encourage note keeping prior to releases.

## [0.0.4] - 2014-08-09

### Added

- Better explanation of the difference between the file (&quot;CHANGELOG&quot;) and its function &quot;the change log&quot;.

### Changed

- Refer to a &quot;change log&quot; instead of a &quot;CHANGELOG&quot; throughout the site to differentiate between the file and the purpose of the file — the logging of changes.

### Removed

- Remove empty sections from CHANGELOG, they occupy too much space and create too much noise in the file. People will have to assume that the missing sections were intentionally left out because they contained no notable changes.

## [0.0.3] - 2014-08-09

### Added

- &quot;Why should I care?&quot; section mentioning The Changelog podcast.

## [0.0.2] - 2014-07-10

### Added

- Explanation of the recommended reverse chronological release ordering.

## [0.0.1] - 2014-05-31

### Added

- This CHANGELOG file to hopefully serve as an evolving example of a standardized open source project CHANGELOG.
- CNAME file to enable GitHub Pages custom domain.
- README now contains answers to common questions about CHANGELOGs.
- Good examples and basic guidelines, including proper date formatting.
- Counter-examples: &quot;What makes unicorns cry?&quot;.

[Unreleased]: https://github.com/olivierlacan/keep-a-changelog/compare/v1.1.1...HEAD
[1.1.1]: https://github.com/olivierlacan/keep-a-changelog/compare/v1.1.0...v1.1.1
[1.1.0]: https://github.com/olivierlacan/keep-a-changelog/compare/v1.0.0...v1.1.0
[1.0.0]: https://github.com/olivierlacan/keep-a-changelog/compare/v0.3.0...v1.0.0
[0.3.0]: https://github.com/olivierlacan/keep-a-changelog/compare/v0.2.0...v0.3.0
[0.2.0]: https://github.com/olivierlacan/keep-a-changelog/compare/v0.1.0...v0.2.0
[0.1.0]: https://github.com/olivierlacan/keep-a-changelog/compare/v0.0.8...v0.1.0
[0.0.8]: https://github.com/olivierlacan/keep-a-changelog/compare/v0.0.7...v0.0.8
[0.0.7]: https://github.com/olivierlacan/keep-a-changelog/compare/v0.0.6...v0.0.7
[0.0.6]: https://github.com/olivierlacan/keep-a-changelog/compare/v0.0.5...v0.0.6
[0.0.5]: https://github.com/olivierlacan/keep-a-changelog/compare/v0.0.4...v0.0.5
[0.0.4]: https://github.com/olivierlacan/keep-a-changelog/compare/v0.0.3...v0.0.4
[0.0.3]: https://github.com/olivierlacan/keep-a-changelog/compare/v0.0.2...v0.0.3
[0.0.2]: https://github.com/olivierlacan/keep-a-changelog/compare/v0.0.1...v0.0.2
[0.0.1]: https://github.com/olivierlacan/keep-a-changelog/releases/tag/v0.0.1
